// Jest Snapshot v1, https://goo.gl/fbAQLP

exports[`matches the snapshot 1`] = `
<h1>
  Hello, 
  !
</h1>
`;
